		; Example to display all standard (ASCII 7) characters built-in
		; to the HDSP-2111 via scolling.
		;
		; * Start simulator with "gui-telnet.rc" config file.
		; * Connect to console (e.g. "telnet <host> 31123").
		; * Use 'H' and 'T' commands to enter terminal mode.
		; * Login to system and 'cat' ('type'...) "example1.hex".
		; * Ctrl-^ and 'X' to get back to monitor.
		; * Type "1000G" to start program.
		;
		; Pressing the NMI button will stop the program and
		; re-enter the monitor. The program can be resumed with
		; the "G" command.
		;
			maclib	z80
**** z80.lib ****
**** example2.asm ****
1000          		org 1000h
		
		; initialize buffer
1000  213D10  	loop0:	lxi	h,buf
1003  0608    		mvi	b,8
1005  AF      		xra	a
1006  77      	loop1:	mov	m,a
1007  3C      		inr	a
1008  23      		inx	h
1009  10FB    		djnz	loop1
		
		; display buffer
100B  213D10  	loop5:	lxi	h,buf
100E  0608    		mvi	b,8
1010  0EB8    		mvi	c,0b8h
1012  7E      	loop2:	mov	a,m
1013  23      		inx	h
1014  ED79    		outp	a
1016  0C      		inr	c
1017  10F9    		djnz	loop2
		
		; delay some
1019  0602    		mvi	b,2
101B  210000  		lxi	h,0
101E  2B      	loop3:	dcx	h
101F  7C      		mov	a,h
1020  B5      		ora	l
1021  20FB    		jrnz	loop3
1023  10F9    		djnz	loop3
		
		; scroll chars adding next
1025  DD213D10		lxix	buf
1029  0607    		mvi	b,7
102B  DD7E01  	loop4:	ldx	a,+1
102E  DD7700  		stx	a,+0
1031  DD23    		inxix
1033  10F6    		djnz	loop4
1035  3C      		inr	a
1036  E67F    		ani	7fh
1038  DD7700  		stx	a,+0
103B  18CE    		jr	loop5
		
103D          	buf:	ds	8
1045          		end



Statistics:

     4	passes
     0	jr promotions
    12	symbols
    61	bytes

    27	macro calls
  3743	macro bytes
     0	invented symbols
